\BOOKMARK [1][-]{section.1}{Konvensi\040Tipografi\040dan\040Dimensi\040Matematis}{}% 1
\BOOKMARK [1][-]{section.2}{Pendahuluan\040&\040Pandangan\040Ruang-Fungsi\040\(Function-Space\040View\)}{}% 2
\BOOKMARK [1][-]{section.3}{Kovariansi,\040Karakteristik\040Fungsi\040Kernel,\040dan\040Hyperparameter}{}% 3
\BOOKMARK [2][-]{subsection.3.1}{Syarat\040Kelayakan\040Kernel\040\(Positive\040Semi-Definite\)}{section.3}% 4
\BOOKMARK [2][-]{subsection.3.2}{Kernel\040Squared\040Exponential\040\(RBF\040/\040Gaussian\)}{section.3}% 5
\BOOKMARK [2][-]{subsection.3.3}{Keluarga\040Kernel\040Mat\351rn}{section.3}% 6
\BOOKMARK [1][-]{section.4}{Formulasi\040Model\040Regresi\040dengan\040Noise\040Observasi}{}% 7
\BOOKMARK [1][-]{section.5}{Penurunan\040Analitik\040Distribusi\040Bersyarat\040Posterior\040\(Conditioning\)}{}% 8
\BOOKMARK [2][-]{subsection.5.1}{Distribusi\040Gabungan\040Prior\040\(Joint\040Gaussian\040Prior\)}{section.5}% 9
\BOOKMARK [2][-]{subsection.5.2}{Teorema\040Partisi\040Gaussian\040Bersyarat\040\(Schur\040Complement\)}{section.5}% 10
\BOOKMARK [2][-]{subsection.5.3}{Formulasi\040Eksplisit\040Posterior\040GPR}{section.5}% 11
\BOOKMARK [2][-]{subsection.5.4}{Sifat-Sifat\040Fisis\040dan\040Probabilistik\040Posterior}{section.5}% 12
\BOOKMARK [1][-]{section.6}{Optimasi\040Hyperparameter\040via\040Marginal\040Likelihood}{}% 13
\BOOKMARK [2][-]{subsection.6.1}{Integrasi\040Marjinal\040Analitik}{section.6}% 14
\BOOKMARK [2][-]{subsection.6.2}{Formulasi\040Log\040Marginal\040Likelihood\040\(LML\)\040dan\040Prinsip\040Occam's\040Razor}{section.6}% 15
\BOOKMARK [2][-]{subsection.6.3}{Gradien\040Analitik\040untuk\040Optimasi\040Berbasis\040Gradien}{section.6}% 16
\BOOKMARK [1][-]{section.7}{Implementasi\040Numerik\040Stabil\040melalui\040Faktorisasi\040Cholesky}{}% 17
\BOOKMARK [2][-]{subsection.7.1}{Prosedur\040Penyelesaian\040Dua\040Tahap}{section.7}% 18
\BOOKMARK [2][-]{subsection.7.2}{Kalkulasi\040Log\040Determinan}{section.7}% 19
\BOOKMARK [2][-]{subsection.7.3}{Analisis\040Kompleksitas\040Asimptotik}{section.7}% 20
\BOOKMARK [1][-]{section.8}{Worked\040Homework\040Example:\040Perhitungan\040Manual\040Step-by-Step}{}% 21
\BOOKMARK [2][-]{subsection.8.1}{Langkah\0401:\040Konstruksi\040Matriks\040Kovariansi\040Training\040K\(X,\040X\)\040dan\040Ky}{section.8}% 22
\BOOKMARK [2][-]{subsection.8.2}{Langkah\0402:\040Faktorisasi\040Cholesky\040Ky\040=\040L\040L^T}{section.8}% 23
\BOOKMARK [2][-]{subsection.8.3}{Langkah\0403:\040Solusi\040Sistem\040Linier\040Dua\040Tahap\040untuk\040Menghitung\040Vektor\040Bobot\040alpha}{section.8}% 24
\BOOKMARK [2][-]{subsection.8.4}{Langkah\0404:\040Evaluasi\040Kovariansi\040Titik\040Test\040\(K\(X*,\040X\)\040dan\040K\(X*,\040X*\)\)}{section.8}% 25
\BOOKMARK [2][-]{subsection.8.5}{Langkah\0405:\040Kalkulasi\040Vektor\040Mean\040Prediktif\040Posterior\040f*}{section.8}% 26
\BOOKMARK [2][-]{subsection.8.6}{Langkah\0406:\040Kalkulasi\040Matriks\040Kovariansi\040Prediktif\040cov\(f*\)}{section.8}% 27
\BOOKMARK [2][-]{subsection.8.7}{Langkah\0407:\040Visualisasi\040Plot\040Hasil\040&\040Interpretasi\040Fisis}{section.8}% 28
\BOOKMARK [1][-]{section.9}{Kesimpulan\040&\040Relevansi\040terhadap\040Tugas\040Akhir}{}% 29
